V3 11
FL /home/user/Documents/studies_SRT/SRT5/SY23/Projet/UART/RX_232.vhd 2017/10/07.16:25:16 P.20131013
EN work/RX_232 1507588524 \
      FL /home/user/Documents/studies_SRT/SRT5/SY23/Projet/UART/RX_232.vhd \
      PB ieee/std_logic_1164 1381692176 PB ieee/NUMERIC_STD 1381692181
AR work/RX_232/Behavioral 1507588525 \
      FL /home/user/Documents/studies_SRT/SRT5/SY23/Projet/UART/RX_232.vhd \
      EN work/RX_232 1507588524
FL /home/user/Documents/studies_SRT/SRT5/SY23/Projet/UART/TX_rs232.vhd 2017/10/09.14:37:05 P.20131013
EN work/rs232 1507588522 \
      FL /home/user/Documents/studies_SRT/SRT5/SY23/Projet/UART/TX_rs232.vhd \
      PB ieee/std_logic_1164 1381692176 PB ieee/NUMERIC_STD 1381692181 \
      PB ieee/STD_LOGIC_UNSIGNED 1381692179
AR work/rs232/Behavioral 1507588523 \
      FL /home/user/Documents/studies_SRT/SRT5/SY23/Projet/UART/TX_rs232.vhd \
      EN work/rs232 1507588522
FL /home/user/Documents/studies_SRT/SRT5/SY23/Projet/UART/UART.vhd 2017/10/10.00:35:19 P.20131013
EN work/UART 1507588526 \
      FL /home/user/Documents/studies_SRT/SRT5/SY23/Projet/UART/UART.vhd \
      PB ieee/std_logic_1164 1381692176 PB ieee/NUMERIC_STD 1381692181
AR work/UART/Behavioral 1507588527 \
      FL /home/user/Documents/studies_SRT/SRT5/SY23/Projet/UART/UART.vhd \
      EN work/UART 1507588526 CP rs232 CP RX_232
