V3 3
FL /home/user/Documents/studies_SRT/SRT5/SY23/Projet/SPI_emitter/SPI_TX.vhd 2017/10/12.00:56:55 P.20131013
EN work/SPI_TX 1507762621 \
      FL /home/user/Documents/studies_SRT/SRT5/SY23/Projet/SPI_emitter/SPI_TX.vhd \
      PB ieee/std_logic_1164 1381692176 PB ieee/NUMERIC_STD 1381692181
AR work/SPI_TX/Behavioral 1507762622 \
      FL /home/user/Documents/studies_SRT/SRT5/SY23/Projet/SPI_emitter/SPI_TX.vhd \
      EN work/SPI_TX 1507762621
